// Jest Snapshot v1, https://goo.gl/fbAQLP

exports[`<Main /> should render the heading 1`] = `
.c0 {
  background-color: #06092b;
  color: #fff;
  width: 100%;
  height: 100%;
  padding: 3rem;
  text-align: center;
  display: -webkit-box;
  display: -webkit-flex;
  display: -ms-flexbox;
  display: flex;
  -webkit-flex-direction: column;
  -ms-flex-direction: column;
  flex-direction: column;
  -webkit-align-items: center;
  -webkit-box-align: center;
  -ms-flex-align: center;
  align-items: center;
  -webkit-box-pack: center;
  -webkit-justify-centent: center;
  -ms-flex-pack: center;
  justify-centent: center;
}

.c1 {
  width: 15rem;
  margin-botton: 2rem;
}

.c2 {
  font-size: 2.5rem;
}

.c3 {
  font-size: 2rem;
  font-weight: 400;
}

.c4 {
  margin-top: 3rem;
  widh: min(60rem,60%);
  height: min(60rem,60%);
}

<main
  class="c0"
>
  <img
    alt="imagem da Lua e Loja três Luas"
    class="c1"
    src="/img/luasTeste.jpg"
  />
  <h1
    class="c2"
  >
    Três Luas
  </h1>
  <h2
    class="c3"
  >
    Projeto da Loja Três Luas Moda Feminina
  </h2>
  <img
    alt="imagem da Lua e Loja três Luas"
    class="c4"
    src="/img/luasTeste.jpg"
  />
</main>
`;
